#! /opt/homebrew/Cellar/icarus-verilog/13.0/bin/vvp
:ivl_version "13.0 (stable)" "(v13_0)";
:ivl_delay_selection "TYPICAL";
:vpi_time_precision - 12;
:vpi_module "/opt/homebrew/Cellar/icarus-verilog/13.0/lib/ivl/system.vpi";
:vpi_module "/opt/homebrew/Cellar/icarus-verilog/13.0/lib/ivl/vhdl_sys.vpi";
:vpi_module "/opt/homebrew/Cellar/icarus-verilog/13.0/lib/ivl/vhdl_textio.vpi";
:vpi_module "/opt/homebrew/Cellar/icarus-verilog/13.0/lib/ivl/v2005_math.vpi";
:vpi_module "/opt/homebrew/Cellar/icarus-verilog/13.0/lib/ivl/va_math.vpi";
:vpi_module "/opt/homebrew/Cellar/icarus-verilog/13.0/lib/ivl/v2009.vpi";
S_0x1017c1820 .scope package, "$unit" "$unit" 2 1;
 .timescale 0 0;
S_0x1017c19a0 .scope package, "jtag_pkg" "jtag_pkg" 3 7;
 .timescale 0 0;
enum0x1017c6f00 .enum4 (4)
   "TEST_LOGIC_RESET" 4'b0000,
   "RUN_TEST_IDLE" 4'b0001,
   "SELECT_DR_SCAN" 4'b0010,
   "CAPTURE_DR" 4'b0011,
   "SHIFT_DR" 4'b0100,
   "EXIT1_DR" 4'b0101,
   "PAUSE_DR" 4'b0110,
   "EXIT2_DR" 4'b0111,
   "UPDATE_DR" 4'b1000,
   "SELECT_IR_SCAN" 4'b1001,
   "CAPTURE_IR" 4'b1010,
   "SHIFT_IR" 4'b1011,
   "EXIT1_IR" 4'b1100,
   "PAUSE_IR" 4'b1101,
   "EXIT2_IR" 4'b1110,
   "UPDATE_IR" 4'b1111
 ;
S_0x1017bd5a0 .scope module, "tb_jtag_tap_fsm" "tb_jtag_tap_fsm" 4 15;
 .timescale -9 -12;
v0x938c752c0_0 .net "capture_dr", 0 0, L_0x1017cef90;  1 drivers
v0x938c75360_0 .net "capture_ir", 0 0, L_0x1017cb2e0;  1 drivers
v0x938c75400_0 .var/2s "checks", 31 0;
v0x938c754a0 .array/2u "covered", 31 0, 0 0;
v0x938c75540_0 .var/2s "errors", 31 0;
v0x938c755e0_0 .net "reset_n_int", 0 0, L_0x1017cde70;  1 drivers
v0x938c75680_0 .net "shift_dr", 0 0, L_0x1017cfb90;  1 drivers
v0x938c75720_0 .net "shift_ir", 0 0, L_0x938c80000;  1 drivers
v0x938c757c0_0 .net "state", 3 0, v0x938c74be0_0;  1 drivers
v0x938c75860_0 .var "tck", 0 0;
v0x938c75900_0 .var "tms", 0 0;
v0x938c759a0 .array "tour_exp", 47 0, 3 0;
v0x938c75a40 .array "tour_tms", 47 0, 0 0;
v0x938c75ae0_0 .var "trst_n", 0 0;
v0x938c75b80_0 .net "update_dr", 0 0, L_0x1017cb6a0;  1 drivers
v0x938c75c20_0 .net "update_ir", 0 0, L_0x938c800a0;  1 drivers
S_0x1017bd720 .scope begin, "$ivl_for_loop0" "$ivl_for_loop0" 4 145, 4 145 0, S_0x1017bd5a0;
 .timescale -9 -12;
v0x938c74000_0 .var/2s "k", 31 0;
S_0x1017cfa10 .scope begin, "$ivl_for_loop3" "$ivl_for_loop3" 4 170, 4 170 0, S_0x1017bd5a0;
 .timescale -9 -12;
v0x938c740a0_0 .var/2s "k", 31 0;
S_0x1017d0690 .scope begin, "$unm_blk_55" "$unm_blk_55" 4 149, 4 149 0, S_0x1017bd5a0;
 .timescale -9 -12;
v0x938c74280_0 .var/2s "hit", 31 0;
S_0x1017ce990 .scope begin, "$ivl_for_loop1" "$ivl_for_loop1" 4 151, 4 151 0, S_0x1017d0690;
 .timescale -9 -12;
v0x938c741e0_0 .var/2s "s", 31 0;
S_0x1017ceb10 .scope begin, "$ivl_for_loop2" "$ivl_for_loop2" 4 152, 4 152 0, S_0x1017ce990;
 .timescale -9 -12;
v0x938c74140_0 .var/2s "t", 31 0;
S_0x1017cec90 .scope autotask, "build_tour" "build_tour" 4 69, 4 69 0, S_0x1017bd5a0;
 .timescale -9 -12;
v0x938c74320_0 .var/2s "i", 31 0;
TD_tb_jtag_tap_fsm.build_tour ;
    %pushi/vec4 0, 0, 32;
    %store/vec4 v0x938c74320_0, 0, 32;
    %pushi/vec4 1, 0, 1;
    %ix/getv/s 4, v0x938c74320_0;
    %store/vec4a v0x938c75a40, 4, 0;
    %pushi/vec4 0, 0, 4;
    %ix/getv/s 4, v0x938c74320_0;
    %store/vec4a v0x938c759a0, 4, 0;
    ; show_stmt_assign_vector: Get l-value for compressed += operand
    %load/vec4 v0x938c74320_0;
    %pushi/vec4 1, 0, 32;
    %add;
    %cast2;
    %store/vec4 v0x938c74320_0, 0, 32;
    %pushi/vec4 0, 0, 1;
    %ix/getv/s 4, v0x938c74320_0;
    %store/vec4a v0x938c75a40, 4, 0;
    %pushi/vec4 1, 0, 4;
    %ix/getv/s 4, v0x938c74320_0;
    %store/vec4a v0x938c759a0, 4, 0;
    ; show_stmt_assign_vector: Get l-value for compressed += operand
    %load/vec4 v0x938c74320_0;
    %pushi/vec4 1, 0, 32;
    %add;
    %cast2;
    %store/vec4 v0x938c74320_0, 0, 32;
    %pushi/vec4 0, 0, 1;
    %ix/getv/s 4, v0x938c74320_0;
    %store/vec4a v0x938c75a40, 4, 0;
    %pushi/vec4 1, 0, 4;
    %ix/getv/s 4, v0x938c74320_0;
    %store/vec4a v0x938c759a0, 4, 0;
    ; show_stmt_assign_vector: Get l-value for compressed += operand
    %load/vec4 v0x938c74320_0;
    %pushi/vec4 1, 0, 32;
    %add;
    %cast2;
    %store/vec4 v0x938c74320_0, 0, 32;
    %pushi/vec4 1, 0, 1;
    %ix/getv/s 4, v0x938c74320_0;
    %store/vec4a v0x938c75a40, 4, 0;
    %pushi/vec4 2, 0, 4;
    %ix/getv/s 4, v0x938c74320_0;
    %store/vec4a v0x938c759a0, 4, 0;
    ; show_stmt_assign_vector: Get l-value for compressed += operand
    %load/vec4 v0x938c74320_0;
    %pushi/vec4 1, 0, 32;
    %add;
    %cast2;
    %store/vec4 v0x938c74320_0, 0, 32;
    %pushi/vec4 0, 0, 1;
    %ix/getv/s 4, v0x938c74320_0;
    %store/vec4a v0x938c75a40, 4, 0;
    %pushi/vec4 3, 0, 4;
    %ix/getv/s 4, v0x938c74320_0;
    %store/vec4a v0x938c759a0, 4, 0;
    ; show_stmt_assign_vector: Get l-value for compressed += operand
    %load/vec4 v0x938c74320_0;
    %pushi/vec4 1, 0, 32;
    %add;
    %cast2;
    %store/vec4 v0x938c74320_0, 0, 32;
    %pushi/vec4 0, 0, 1;
    %ix/getv/s 4, v0x938c74320_0;
    %store/vec4a v0x938c75a40, 4, 0;
    %pushi/vec4 4, 0, 4;
    %ix/getv/s 4, v0x938c74320_0;
    %store/vec4a v0x938c759a0, 4, 0;
    ; show_stmt_assign_vector: Get l-value for compressed += operand
    %load/vec4 v0x938c74320_0;
    %pushi/vec4 1, 0, 32;
    %add;
    %cast2;
    %store/vec4 v0x938c74320_0, 0, 32;
    %pushi/vec4 0, 0, 1;
    %ix/getv/s 4, v0x938c74320_0;
    %store/vec4a v0x938c75a40, 4, 0;
    %pushi/vec4 4, 0, 4;
    %ix/getv/s 4, v0x938c74320_0;
    %store/vec4a v0x938c759a0, 4, 0;
    ; show_stmt_assign_vector: Get l-value for compressed += operand
    %load/vec4 v0x938c74320_0;
    %pushi/vec4 1, 0, 32;
    %add;
    %cast2;
    %store/vec4 v0x938c74320_0, 0, 32;
    %pushi/vec4 1, 0, 1;
    %ix/getv/s 4, v0x938c74320_0;
    %store/vec4a v0x938c75a40, 4, 0;
    %pushi/vec4 5, 0, 4;
    %ix/getv/s 4, v0x938c74320_0;
    %store/vec4a v0x938c759a0, 4, 0;
    ; show_stmt_assign_vector: Get l-value for compressed += operand
    %load/vec4 v0x938c74320_0;
    %pushi/vec4 1, 0, 32;
    %add;
    %cast2;
    %store/vec4 v0x938c74320_0, 0, 32;
    %pushi/vec4 0, 0, 1;
    %ix/getv/s 4, v0x938c74320_0;
    %store/vec4a v0x938c75a40, 4, 0;
    %pushi/vec4 6, 0, 4;
    %ix/getv/s 4, v0x938c74320_0;
    %store/vec4a v0x938c759a0, 4, 0;
    ; show_stmt_assign_vector: Get l-value for compressed += operand
    %load/vec4 v0x938c74320_0;
    %pushi/vec4 1, 0, 32;
    %add;
    %cast2;
    %store/vec4 v0x938c74320_0, 0, 32;
    %pushi/vec4 0, 0, 1;
    %ix/getv/s 4, v0x938c74320_0;
    %store/vec4a v0x938c75a40, 4, 0;
    %pushi/vec4 6, 0, 4;
    %ix/getv/s 4, v0x938c74320_0;
    %store/vec4a v0x938c759a0, 4, 0;
    ; show_stmt_assign_vector: Get l-value for compressed += operand
    %load/vec4 v0x938c74320_0;
    %pushi/vec4 1, 0, 32;
    %add;
    %cast2;
    %store/vec4 v0x938c74320_0, 0, 32;
    %pushi/vec4 1, 0, 1;
    %ix/getv/s 4, v0x938c74320_0;
    %store/vec4a v0x938c75a40, 4, 0;
    %pushi/vec4 7, 0, 4;
    %ix/getv/s 4, v0x938c74320_0;
    %store/vec4a v0x938c759a0, 4, 0;
    ; show_stmt_assign_vector: Get l-value for compressed += operand
    %load/vec4 v0x938c74320_0;
    %pushi/vec4 1, 0, 32;
    %add;
    %cast2;
    %store/vec4 v0x938c74320_0, 0, 32;
    %pushi/vec4 0, 0, 1;
    %ix/getv/s 4, v0x938c74320_0;
    %store/vec4a v0x938c75a40, 4, 0;
    %pushi/vec4 4, 0, 4;
    %ix/getv/s 4, v0x938c74320_0;
    %store/vec4a v0x938c759a0, 4, 0;
    ; show_stmt_assign_vector: Get l-value for compressed += operand
    %load/vec4 v0x938c74320_0;
    %pushi/vec4 1, 0, 32;
    %add;
    %cast2;
    %store/vec4 v0x938c74320_0, 0, 32;
    %pushi/vec4 1, 0, 1;
    %ix/getv/s 4, v0x938c74320_0;
    %store/vec4a v0x938c75a40, 4, 0;
    %pushi/vec4 5, 0, 4;
    %ix/getv/s 4, v0x938c74320_0;
    %store/vec4a v0x938c759a0, 4, 0;
    ; show_stmt_assign_vector: Get l-value for compressed += operand
    %load/vec4 v0x938c74320_0;
    %pushi/vec4 1, 0, 32;
    %add;
    %cast2;
    %store/vec4 v0x938c74320_0, 0, 32;
    %pushi/vec4 1, 0, 1;
    %ix/getv/s 4, v0x938c74320_0;
    %store/vec4a v0x938c75a40, 4, 0;
    %pushi/vec4 8, 0, 4;
    %ix/getv/s 4, v0x938c74320_0;
    %store/vec4a v0x938c759a0, 4, 0;
    ; show_stmt_assign_vector: Get l-value for compressed += operand
    %load/vec4 v0x938c74320_0;
    %pushi/vec4 1, 0, 32;
    %add;
    %cast2;
    %store/vec4 v0x938c74320_0, 0, 32;
    %pushi/vec4 0, 0, 1;
    %ix/getv/s 4, v0x938c74320_0;
    %store/vec4a v0x938c75a40, 4, 0;
    %pushi/vec4 1, 0, 4;
    %ix/getv/s 4, v0x938c74320_0;
    %store/vec4a v0x938c759a0, 4, 0;
    ; show_stmt_assign_vector: Get l-value for compressed += operand
    %load/vec4 v0x938c74320_0;
    %pushi/vec4 1, 0, 32;
    %add;
    %cast2;
    %store/vec4 v0x938c74320_0, 0, 32;
    %pushi/vec4 1, 0, 1;
    %ix/getv/s 4, v0x938c74320_0;
    %store/vec4a v0x938c75a40, 4, 0;
    %pushi/vec4 2, 0, 4;
    %ix/getv/s 4, v0x938c74320_0;
    %store/vec4a v0x938c759a0, 4, 0;
    ; show_stmt_assign_vector: Get l-value for compressed += operand
    %load/vec4 v0x938c74320_0;
    %pushi/vec4 1, 0, 32;
    %add;
    %cast2;
    %store/vec4 v0x938c74320_0, 0, 32;
    %pushi/vec4 0, 0, 1;
    %ix/getv/s 4, v0x938c74320_0;
    %store/vec4a v0x938c75a40, 4, 0;
    %pushi/vec4 3, 0, 4;
    %ix/getv/s 4, v0x938c74320_0;
    %store/vec4a v0x938c759a0, 4, 0;
    ; show_stmt_assign_vector: Get l-value for compressed += operand
    %load/vec4 v0x938c74320_0;
    %pushi/vec4 1, 0, 32;
    %add;
    %cast2;
    %store/vec4 v0x938c74320_0, 0, 32;
    %pushi/vec4 1, 0, 1;
    %ix/getv/s 4, v0x938c74320_0;
    %store/vec4a v0x938c75a40, 4, 0;
    %pushi/vec4 5, 0, 4;
    %ix/getv/s 4, v0x938c74320_0;
    %store/vec4a v0x938c759a0, 4, 0;
    ; show_stmt_assign_vector: Get l-value for compressed += operand
    %load/vec4 v0x938c74320_0;
    %pushi/vec4 1, 0, 32;
    %add;
    %cast2;
    %store/vec4 v0x938c74320_0, 0, 32;
    %pushi/vec4 1, 0, 1;
    %ix/getv/s 4, v0x938c74320_0;
    %store/vec4a v0x938c75a40, 4, 0;
    %pushi/vec4 8, 0, 4;
    %ix/getv/s 4, v0x938c74320_0;
    %store/vec4a v0x938c759a0, 4, 0;
    ; show_stmt_assign_vector: Get l-value for compressed += operand
    %load/vec4 v0x938c74320_0;
    %pushi/vec4 1, 0, 32;
    %add;
    %cast2;
    %store/vec4 v0x938c74320_0, 0, 32;
    %pushi/vec4 1, 0, 1;
    %ix/getv/s 4, v0x938c74320_0;
    %store/vec4a v0x938c75a40, 4, 0;
    %pushi/vec4 2, 0, 4;
    %ix/getv/s 4, v0x938c74320_0;
    %store/vec4a v0x938c759a0, 4, 0;
    ; show_stmt_assign_vector: Get l-value for compressed += operand
    %load/vec4 v0x938c74320_0;
    %pushi/vec4 1, 0, 32;
    %add;
    %cast2;
    %store/vec4 v0x938c74320_0, 0, 32;
    %pushi/vec4 1, 0, 1;
    %ix/getv/s 4, v0x938c74320_0;
    %store/vec4a v0x938c75a40, 4, 0;
    %pushi/vec4 9, 0, 4;
    %ix/getv/s 4, v0x938c74320_0;
    %store/vec4a v0x938c759a0, 4, 0;
    ; show_stmt_assign_vector: Get l-value for compressed += operand
    %load/vec4 v0x938c74320_0;
    %pushi/vec4 1, 0, 32;
    %add;
    %cast2;
    %store/vec4 v0x938c74320_0, 0, 32;
    %pushi/vec4 0, 0, 1;
    %ix/getv/s 4, v0x938c74320_0;
    %store/vec4a v0x938c75a40, 4, 0;
    %pushi/vec4 10, 0, 4;
    %ix/getv/s 4, v0x938c74320_0;
    %store/vec4a v0x938c759a0, 4, 0;
    ; show_stmt_assign_vector: Get l-value for compressed += operand
    %load/vec4 v0x938c74320_0;
    %pushi/vec4 1, 0, 32;
    %add;
    %cast2;
    %store/vec4 v0x938c74320_0, 0, 32;
    %pushi/vec4 0, 0, 1;
    %ix/getv/s 4, v0x938c74320_0;
    %store/vec4a v0x938c75a40, 4, 0;
    %pushi/vec4 11, 0, 4;
    %ix/getv/s 4, v0x938c74320_0;
    %store/vec4a v0x938c759a0, 4, 0;
    ; show_stmt_assign_vector: Get l-value for compressed += operand
    %load/vec4 v0x938c74320_0;
    %pushi/vec4 1, 0, 32;
    %add;
    %cast2;
    %store/vec4 v0x938c74320_0, 0, 32;
    %pushi/vec4 0, 0, 1;
    %ix/getv/s 4, v0x938c74320_0;
    %store/vec4a v0x938c75a40, 4, 0;
    %pushi/vec4 11, 0, 4;
    %ix/getv/s 4, v0x938c74320_0;
    %store/vec4a v0x938c759a0, 4, 0;
    ; show_stmt_assign_vector: Get l-value for compressed += operand
    %load/vec4 v0x938c74320_0;
    %pushi/vec4 1, 0, 32;
    %add;
    %cast2;
    %store/vec4 v0x938c74320_0, 0, 32;
    %pushi/vec4 1, 0, 1;
    %ix/getv/s 4, v0x938c74320_0;
    %store/vec4a v0x938c75a40, 4, 0;
    %pushi/vec4 12, 0, 4;
    %ix/getv/s 4, v0x938c74320_0;
    %store/vec4a v0x938c759a0, 4, 0;
    ; show_stmt_assign_vector: Get l-value for compressed += operand
    %load/vec4 v0x938c74320_0;
    %pushi/vec4 1, 0, 32;
    %add;
    %cast2;
    %store/vec4 v0x938c74320_0, 0, 32;
    %pushi/vec4 0, 0, 1;
    %ix/getv/s 4, v0x938c74320_0;
    %store/vec4a v0x938c75a40, 4, 0;
    %pushi/vec4 13, 0, 4;
    %ix/getv/s 4, v0x938c74320_0;
    %store/vec4a v0x938c759a0, 4, 0;
    ; show_stmt_assign_vector: Get l-value for compressed += operand
    %load/vec4 v0x938c74320_0;
    %pushi/vec4 1, 0, 32;
    %add;
    %cast2;
    %store/vec4 v0x938c74320_0, 0, 32;
    %pushi/vec4 0, 0, 1;
    %ix/getv/s 4, v0x938c74320_0;
    %store/vec4a v0x938c75a40, 4, 0;
    %pushi/vec4 13, 0, 4;
    %ix/getv/s 4, v0x938c74320_0;
    %store/vec4a v0x938c759a0, 4, 0;
    ; show_stmt_assign_vector: Get l-value for compressed += operand
    %load/vec4 v0x938c74320_0;
    %pushi/vec4 1, 0, 32;
    %add;
    %cast2;
    %store/vec4 v0x938c74320_0, 0, 32;
    %pushi/vec4 1, 0, 1;
    %ix/getv/s 4, v0x938c74320_0;
    %store/vec4a v0x938c75a40, 4, 0;
    %pushi/vec4 14, 0, 4;
    %ix/getv/s 4, v0x938c74320_0;
    %store/vec4a v0x938c759a0, 4, 0;
    ; show_stmt_assign_vector: Get l-value for compressed += operand
    %load/vec4 v0x938c74320_0;
    %pushi/vec4 1, 0, 32;
    %add;
    %cast2;
    %store/vec4 v0x938c74320_0, 0, 32;
    %pushi/vec4 0, 0, 1;
    %ix/getv/s 4, v0x938c74320_0;
    %store/vec4a v0x938c75a40, 4, 0;
    %pushi/vec4 11, 0, 4;
    %ix/getv/s 4, v0x938c74320_0;
    %store/vec4a v0x938c759a0, 4, 0;
    ; show_stmt_assign_vector: Get l-value for compressed += operand
    %load/vec4 v0x938c74320_0;
    %pushi/vec4 1, 0, 32;
    %add;
    %cast2;
    %store/vec4 v0x938c74320_0, 0, 32;
    %pushi/vec4 1, 0, 1;
    %ix/getv/s 4, v0x938c74320_0;
    %store/vec4a v0x938c75a40, 4, 0;
    %pushi/vec4 12, 0, 4;
    %ix/getv/s 4, v0x938c74320_0;
    %store/vec4a v0x938c759a0, 4, 0;
    ; show_stmt_assign_vector: Get l-value for compressed += operand
    %load/vec4 v0x938c74320_0;
    %pushi/vec4 1, 0, 32;
    %add;
    %cast2;
    %store/vec4 v0x938c74320_0, 0, 32;
    %pushi/vec4 1, 0, 1;
    %ix/getv/s 4, v0x938c74320_0;
    %store/vec4a v0x938c75a40, 4, 0;
    %pushi/vec4 15, 0, 4;
    %ix/getv/s 4, v0x938c74320_0;
    %store/vec4a v0x938c759a0, 4, 0;
    ; show_stmt_assign_vector: Get l-value for compressed += operand
    %load/vec4 v0x938c74320_0;
    %pushi/vec4 1, 0, 32;
    %add;
    %cast2;
    %store/vec4 v0x938c74320_0, 0, 32;
    %pushi/vec4 1, 0, 1;
    %ix/getv/s 4, v0x938c74320_0;
    %store/vec4a v0x938c75a40, 4, 0;
    %pushi/vec4 2, 0, 4;
    %ix/getv/s 4, v0x938c74320_0;
    %store/vec4a v0x938c759a0, 4, 0;
    ; show_stmt_assign_vector: Get l-value for compressed += operand
    %load/vec4 v0x938c74320_0;
    %pushi/vec4 1, 0, 32;
    %add;
    %cast2;
    %store/vec4 v0x938c74320_0, 0, 32;
    %pushi/vec4 1, 0, 1;
    %ix/getv/s 4, v0x938c74320_0;
    %store/vec4a v0x938c75a40, 4, 0;
    %pushi/vec4 9, 0, 4;
    %ix/getv/s 4, v0x938c74320_0;
    %store/vec4a v0x938c759a0, 4, 0;
    ; show_stmt_assign_vector: Get l-value for compressed += operand
    %load/vec4 v0x938c74320_0;
    %pushi/vec4 1, 0, 32;
    %add;
    %cast2;
    %store/vec4 v0x938c74320_0, 0, 32;
    %pushi/vec4 0, 0, 1;
    %ix/getv/s 4, v0x938c74320_0;
    %store/vec4a v0x938c75a40, 4, 0;
    %pushi/vec4 10, 0, 4;
    %ix/getv/s 4, v0x938c74320_0;
    %store/vec4a v0x938c759a0, 4, 0;
    ; show_stmt_assign_vector: Get l-value for compressed += operand
    %load/vec4 v0x938c74320_0;
    %pushi/vec4 1, 0, 32;
    %add;
    %cast2;
    %store/vec4 v0x938c74320_0, 0, 32;
    %pushi/vec4 1, 0, 1;
    %ix/getv/s 4, v0x938c74320_0;
    %store/vec4a v0x938c75a40, 4, 0;
    %pushi/vec4 12, 0, 4;
    %ix/getv/s 4, v0x938c74320_0;
    %store/vec4a v0x938c759a0, 4, 0;
    ; show_stmt_assign_vector: Get l-value for compressed += operand
    %load/vec4 v0x938c74320_0;
    %pushi/vec4 1, 0, 32;
    %add;
    %cast2;
    %store/vec4 v0x938c74320_0, 0, 32;
    %pushi/vec4 0, 0, 1;
    %ix/getv/s 4, v0x938c74320_0;
    %store/vec4a v0x938c75a40, 4, 0;
    %pushi/vec4 13, 0, 4;
    %ix/getv/s 4, v0x938c74320_0;
    %store/vec4a v0x938c759a0, 4, 0;
    ; show_stmt_assign_vector: Get l-value for compressed += operand
    %load/vec4 v0x938c74320_0;
    %pushi/vec4 1, 0, 32;
    %add;
    %cast2;
    %store/vec4 v0x938c74320_0, 0, 32;
    %pushi/vec4 1, 0, 1;
    %ix/getv/s 4, v0x938c74320_0;
    %store/vec4a v0x938c75a40, 4, 0;
    %pushi/vec4 14, 0, 4;
    %ix/getv/s 4, v0x938c74320_0;
    %store/vec4a v0x938c759a0, 4, 0;
    ; show_stmt_assign_vector: Get l-value for compressed += operand
    %load/vec4 v0x938c74320_0;
    %pushi/vec4 1, 0, 32;
    %add;
    %cast2;
    %store/vec4 v0x938c74320_0, 0, 32;
    %pushi/vec4 1, 0, 1;
    %ix/getv/s 4, v0x938c74320_0;
    %store/vec4a v0x938c75a40, 4, 0;
    %pushi/vec4 15, 0, 4;
    %ix/getv/s 4, v0x938c74320_0;
    %store/vec4a v0x938c759a0, 4, 0;
    ; show_stmt_assign_vector: Get l-value for compressed += operand
    %load/vec4 v0x938c74320_0;
    %pushi/vec4 1, 0, 32;
    %add;
    %cast2;
    %store/vec4 v0x938c74320_0, 0, 32;
    %pushi/vec4 0, 0, 1;
    %ix/getv/s 4, v0x938c74320_0;
    %store/vec4a v0x938c75a40, 4, 0;
    %pushi/vec4 1, 0, 4;
    %ix/getv/s 4, v0x938c74320_0;
    %store/vec4a v0x938c759a0, 4, 0;
    ; show_stmt_assign_vector: Get l-value for compressed += operand
    %load/vec4 v0x938c74320_0;
    %pushi/vec4 1, 0, 32;
    %add;
    %cast2;
    %store/vec4 v0x938c74320_0, 0, 32;
    %pushi/vec4 1, 0, 1;
    %ix/getv/s 4, v0x938c74320_0;
    %store/vec4a v0x938c75a40, 4, 0;
    %pushi/vec4 2, 0, 4;
    %ix/getv/s 4, v0x938c74320_0;
    %store/vec4a v0x938c759a0, 4, 0;
    ; show_stmt_assign_vector: Get l-value for compressed += operand
    %load/vec4 v0x938c74320_0;
    %pushi/vec4 1, 0, 32;
    %add;
    %cast2;
    %store/vec4 v0x938c74320_0, 0, 32;
    %pushi/vec4 0, 0, 1;
    %ix/getv/s 4, v0x938c74320_0;
    %store/vec4a v0x938c75a40, 4, 0;
    %pushi/vec4 3, 0, 4;
    %ix/getv/s 4, v0x938c74320_0;
    %store/vec4a v0x938c759a0, 4, 0;
    ; show_stmt_assign_vector: Get l-value for compressed += operand
    %load/vec4 v0x938c74320_0;
    %pushi/vec4 1, 0, 32;
    %add;
    %cast2;
    %store/vec4 v0x938c74320_0, 0, 32;
    %pushi/vec4 1, 0, 1;
    %ix/getv/s 4, v0x938c74320_0;
    %store/vec4a v0x938c75a40, 4, 0;
    %pushi/vec4 5, 0, 4;
    %ix/getv/s 4, v0x938c74320_0;
    %store/vec4a v0x938c759a0, 4, 0;
    ; show_stmt_assign_vector: Get l-value for compressed += operand
    %load/vec4 v0x938c74320_0;
    %pushi/vec4 1, 0, 32;
    %add;
    %cast2;
    %store/vec4 v0x938c74320_0, 0, 32;
    %pushi/vec4 0, 0, 1;
    %ix/getv/s 4, v0x938c74320_0;
    %store/vec4a v0x938c75a40, 4, 0;
    %pushi/vec4 6, 0, 4;
    %ix/getv/s 4, v0x938c74320_0;
    %store/vec4a v0x938c759a0, 4, 0;
    ; show_stmt_assign_vector: Get l-value for compressed += operand
    %load/vec4 v0x938c74320_0;
    %pushi/vec4 1, 0, 32;
    %add;
    %cast2;
    %store/vec4 v0x938c74320_0, 0, 32;
    %pushi/vec4 1, 0, 1;
    %ix/getv/s 4, v0x938c74320_0;
    %store/vec4a v0x938c75a40, 4, 0;
    %pushi/vec4 7, 0, 4;
    %ix/getv/s 4, v0x938c74320_0;
    %store/vec4a v0x938c759a0, 4, 0;
    ; show_stmt_assign_vector: Get l-value for compressed += operand
    %load/vec4 v0x938c74320_0;
    %pushi/vec4 1, 0, 32;
    %add;
    %cast2;
    %store/vec4 v0x938c74320_0, 0, 32;
    %pushi/vec4 1, 0, 1;
    %ix/getv/s 4, v0x938c74320_0;
    %store/vec4a v0x938c75a40, 4, 0;
    %pushi/vec4 8, 0, 4;
    %ix/getv/s 4, v0x938c74320_0;
    %store/vec4a v0x938c759a0, 4, 0;
    ; show_stmt_assign_vector: Get l-value for compressed += operand
    %load/vec4 v0x938c74320_0;
    %pushi/vec4 1, 0, 32;
    %add;
    %cast2;
    %store/vec4 v0x938c74320_0, 0, 32;
    %pushi/vec4 1, 0, 1;
    %ix/getv/s 4, v0x938c74320_0;
    %store/vec4a v0x938c75a40, 4, 0;
    %pushi/vec4 2, 0, 4;
    %ix/getv/s 4, v0x938c74320_0;
    %store/vec4a v0x938c759a0, 4, 0;
    ; show_stmt_assign_vector: Get l-value for compressed += operand
    %load/vec4 v0x938c74320_0;
    %pushi/vec4 1, 0, 32;
    %add;
    %cast2;
    %store/vec4 v0x938c74320_0, 0, 32;
    %pushi/vec4 1, 0, 1;
    %ix/getv/s 4, v0x938c74320_0;
    %store/vec4a v0x938c75a40, 4, 0;
    %pushi/vec4 9, 0, 4;
    %ix/getv/s 4, v0x938c74320_0;
    %store/vec4a v0x938c759a0, 4, 0;
    ; show_stmt_assign_vector: Get l-value for compressed += operand
    %load/vec4 v0x938c74320_0;
    %pushi/vec4 1, 0, 32;
    %add;
    %cast2;
    %store/vec4 v0x938c74320_0, 0, 32;
    %pushi/vec4 1, 0, 1;
    %ix/getv/s 4, v0x938c74320_0;
    %store/vec4a v0x938c75a40, 4, 0;
    %pushi/vec4 0, 0, 4;
    %ix/getv/s 4, v0x938c74320_0;
    %store/vec4a v0x938c759a0, 4, 0;
    ; show_stmt_assign_vector: Get l-value for compressed += operand
    %load/vec4 v0x938c74320_0;
    %pushi/vec4 1, 0, 32;
    %add;
    %cast2;
    %store/vec4 v0x938c74320_0, 0, 32;
    %end;
S_0x1017cee10 .scope module, "dut" "jtag_tap_fsm" 4 25, 5 13 0, S_0x1017bd5a0;
 .timescale 0 0;
    .port_info 0 /INPUT 1 "tck";
    .port_info 1 /INPUT 1 "trst_n";
    .port_info 2 /INPUT 1 "tms";
    .port_info 3 /OUTPUT 4 "state";
    .port_info 4 /OUTPUT 1 "reset_n_int";
    .port_info 5 /OUTPUT 1 "capture_dr";
    .port_info 6 /OUTPUT 1 "shift_dr";
    .port_info 7 /OUTPUT 1 "update_dr";
    .port_info 8 /OUTPUT 1 "capture_ir";
    .port_info 9 /OUTPUT 1 "shift_ir";
    .port_info 10 /OUTPUT 1 "update_ir";
L_0x938864010 .functor BUFT 1, C4<0000>, C4<0>, C4<0>, C4<0>;
v0x938c743c0_0 .net/2u *"_ivl_0", 3 0, L_0x938864010;  1 drivers
L_0x9388640e8 .functor BUFT 1, C4<1000>, C4<0>, C4<0>, C4<0>;
v0x938c74460_0 .net/2u *"_ivl_12", 3 0, L_0x9388640e8;  1 drivers
L_0x938864130 .functor BUFT 1, C4<1010>, C4<0>, C4<0>, C4<0>;
v0x938c74500_0 .net/2u *"_ivl_16", 3 0, L_0x938864130;  1 drivers
L_0x938864178 .functor BUFT 1, C4<1011>, C4<0>, C4<0>, C4<0>;
v0x938c745a0_0 .net/2u *"_ivl_20", 3 0, L_0x938864178;  1 drivers
L_0x9388641c0 .functor BUFT 1, C4<1111>, C4<0>, C4<0>, C4<0>;
v0x938c74640_0 .net/2u *"_ivl_24", 3 0, L_0x9388641c0;  1 drivers
L_0x938864058 .functor BUFT 1, C4<0011>, C4<0>, C4<0>, C4<0>;
v0x938c746e0_0 .net/2u *"_ivl_4", 3 0, L_0x938864058;  1 drivers
L_0x9388640a0 .functor BUFT 1, C4<0100>, C4<0>, C4<0>, C4<0>;
v0x938c74780_0 .net/2u *"_ivl_8", 3 0, L_0x9388640a0;  1 drivers
v0x938c74820_0 .net "capture_dr", 0 0, L_0x1017cef90;  alias, 1 drivers
v0x938c748c0_0 .net "capture_ir", 0 0, L_0x1017cb2e0;  alias, 1 drivers
v0x938c74960_0 .var "next", 3 0;
v0x938c74a00_0 .net "reset_n_int", 0 0, L_0x1017cde70;  alias, 1 drivers
v0x938c74aa0_0 .net "shift_dr", 0 0, L_0x1017cfb90;  alias, 1 drivers
v0x938c74b40_0 .net "shift_ir", 0 0, L_0x938c80000;  alias, 1 drivers
v0x938c74be0_0 .var "state", 3 0;
v0x938c74c80_0 .net "tck", 0 0, v0x938c75860_0;  1 drivers
v0x938c74d20_0 .net "tms", 0 0, v0x938c75900_0;  1 drivers
v0x938c74dc0_0 .net "trst_n", 0 0, v0x938c75ae0_0;  1 drivers
v0x938c74e60_0 .net "update_dr", 0 0, L_0x1017cb6a0;  alias, 1 drivers
v0x938c74f00_0 .net "update_ir", 0 0, L_0x938c800a0;  alias, 1 drivers
E_0x938c5a3c0/0 .event negedge, v0x938c74dc0_0;
E_0x938c5a3c0/1 .event posedge, v0x938c74c80_0;
E_0x938c5a3c0 .event/or E_0x938c5a3c0/0, E_0x938c5a3c0/1;
E_0x938c5a400 .event anyedge, v0x938c74be0_0, v0x938c74d20_0;
L_0x1017cde70 .cmp/ne 4, v0x938c74be0_0, L_0x938864010;
L_0x1017cef90 .cmp/eq 4, v0x938c74be0_0, L_0x938864058;
L_0x1017cfb90 .cmp/eq 4, v0x938c74be0_0, L_0x9388640a0;
L_0x1017cb6a0 .cmp/eq 4, v0x938c74be0_0, L_0x9388640e8;
L_0x1017cb2e0 .cmp/eq 4, v0x938c74be0_0, L_0x938864130;
L_0x938c80000 .cmp/eq 4, v0x938c74be0_0, L_0x938864178;
L_0x938c800a0 .cmp/eq 4, v0x938c74be0_0, L_0x9388641c0;
S_0x1017cdb70 .scope autofunction.str, "sname" "sname" 4 38, 4 38 0, S_0x1017bd5a0;
 .timescale -9 -12;
v0x938c74fa0_0 .var "s", 3 0;
; Variable sname is string return value of scope S_0x1017cdb70
TD_tb_jtag_tap_fsm.sname ;
    %vpi_func/s 4 39 "$ivl_enum_method$name", enum0x1017c6f00, v0x938c74fa0_0 {0 0 0};
    %ret/str 0; Assign to sname
    %disable/flow S_0x1017cdb70;
    %end;
S_0x1017cdcf0 .scope autotask, "step" "step" 4 43, 4 43 0, S_0x1017bd5a0;
 .timescale -9 -12;
v0x938c750e0_0 .var "exp", 3 0;
v0x938c75180_0 .var "from", 3 0;
v0x938c75220_0 .var "tms_v", 0 0;
TD_tb_jtag_tap_fsm.step ;
    %load/vec4 v0x938c757c0_0;
    %store/vec4 v0x938c75180_0, 0, 4;
    %load/vec4 v0x938c75220_0;
    %store/vec4 v0x938c75900_0, 0, 1;
    %delay 2000, 0;
    %pushi/vec4 1, 0, 1;
    %store/vec4 v0x938c75860_0, 0, 1;
    %delay 2000, 0;
    %pushi/vec4 1, 0, 1;
    %load/vec4 v0x938c75180_0;
    %pad/u 32;
    %cast2;
    %pad/s 34;
    %pad/s 35;
    %muli 2, 0, 35;
    %pad/s 36;
    %load/vec4 v0x938c75220_0;
    %pad/u 3;
    %pad/u 36;
    %add;
    %ix/vec4 4;
    %store/vec4a v0x938c754a0, 4, 0;
    ; show_stmt_assign_vector: Get l-value for compressed += operand
    %load/vec4 v0x938c75400_0;
    %pushi/vec4 1, 0, 32;
    %add;
    %cast2;
    %store/vec4 v0x938c75400_0, 0, 32;
    %load/vec4 v0x938c757c0_0;
    %load/vec4 v0x938c750e0_0;
    %cmp/ne;
    %jmp/0xz  T_2.0, 6;
    ; show_stmt_assign_vector: Get l-value for compressed += operand
    %load/vec4 v0x938c75540_0;
    %pushi/vec4 1, 0, 32;
    %add;
    %cast2;
    %store/vec4 v0x938c75540_0, 0, 32;
    %alloc S_0x1017cdb70;
    %load/vec4 v0x938c75180_0;
    %store/vec4 v0x938c74fa0_0, 0, 4;
    %callf/str TD_tb_jtag_tap_fsm.sname, S_0x1017cdb70;
    %free S_0x1017cdb70;
    %alloc S_0x1017cdb70;
    %load/vec4 v0x938c757c0_0;
    %store/vec4 v0x938c74fa0_0, 0, 4;
    %callf/str TD_tb_jtag_tap_fsm.sname, S_0x1017cdb70;
    %free S_0x1017cdb70;
    %alloc S_0x1017cdb70;
    %load/vec4 v0x938c750e0_0;
    %store/vec4 v0x938c74fa0_0, 0, 4;
    %callf/str TD_tb_jtag_tap_fsm.sname, S_0x1017cdb70;
    %free S_0x1017cdb70;
    %vpi_call/w 4 53 "$display", "  [FAIL] %0t  %-16s --tms=%0b--> got %-16s  expected %-16s", $time, S<2,str>, v0x938c75220_0, S<1,str>, S<0,str> {0 0 3};
    %jmp T_2.1;
T_2.0 ;
    %alloc S_0x1017cdb70;
    %load/vec4 v0x938c75180_0;
    %store/vec4 v0x938c74fa0_0, 0, 4;
    %callf/str TD_tb_jtag_tap_fsm.sname, S_0x1017cdb70;
    %free S_0x1017cdb70;
    %alloc S_0x1017cdb70;
    %load/vec4 v0x938c757c0_0;
    %store/vec4 v0x938c74fa0_0, 0, 4;
    %callf/str TD_tb_jtag_tap_fsm.sname, S_0x1017cdb70;
    %free S_0x1017cdb70;
    %vpi_call/w 4 56 "$display", "  [ ok ] %-16s --tms=%0b--> %-16s", S<1,str>, v0x938c75220_0, S<0,str> {0 0 2};
T_2.1 ;
    %pushi/vec4 0, 0, 1;
    %store/vec4 v0x938c75860_0, 0, 1;
    %delay 2000, 0;
    %end;
    .scope S_0x1017cee10;
T_3 ;
Ewait_0 .event/or E_0x938c5a400, E_0x0;
    %wait Ewait_0;
    %load/vec4 v0x938c74be0_0;
    %dup/vec4;
    %pushi/vec4 0, 0, 4;
    %cmp/u;
    %jmp/1 T_3.0, 6;
    %dup/vec4;
    %pushi/vec4 1, 0, 4;
    %cmp/u;
    %jmp/1 T_3.1, 6;
    %dup/vec4;
    %pushi/vec4 2, 0, 4;
    %cmp/u;
    %jmp/1 T_3.2, 6;
    %dup/vec4;
    %pushi/vec4 3, 0, 4;
    %cmp/u;
    %jmp/1 T_3.3, 6;
    %dup/vec4;
    %pushi/vec4 4, 0, 4;
    %cmp/u;
    %jmp/1 T_3.4, 6;
    %dup/vec4;
    %pushi/vec4 5, 0, 4;
    %cmp/u;
    %jmp/1 T_3.5, 6;
    %dup/vec4;
    %pushi/vec4 6, 0, 4;
    %cmp/u;
    %jmp/1 T_3.6, 6;
    %dup/vec4;
    %pushi/vec4 7, 0, 4;
    %cmp/u;
    %jmp/1 T_3.7, 6;
    %dup/vec4;
    %pushi/vec4 8, 0, 4;
    %cmp/u;
    %jmp/1 T_3.8, 6;
    %dup/vec4;
    %pushi/vec4 9, 0, 4;
    %cmp/u;
    %jmp/1 T_3.9, 6;
    %dup/vec4;
    %pushi/vec4 10, 0, 4;
    %cmp/u;
    %jmp/1 T_3.10, 6;
    %dup/vec4;
    %pushi/vec4 11, 0, 4;
    %cmp/u;
    %jmp/1 T_3.11, 6;
    %dup/vec4;
    %pushi/vec4 12, 0, 4;
    %cmp/u;
    %jmp/1 T_3.12, 6;
    %dup/vec4;
    %pushi/vec4 13, 0, 4;
    %cmp/u;
    %jmp/1 T_3.13, 6;
    %dup/vec4;
    %pushi/vec4 14, 0, 4;
    %cmp/u;
    %jmp/1 T_3.14, 6;
    %dup/vec4;
    %pushi/vec4 15, 0, 4;
    %cmp/u;
    %jmp/1 T_3.15, 6;
    %pushi/vec4 0, 0, 4;
    %store/vec4 v0x938c74960_0, 0, 4;
    %jmp T_3.17;
T_3.0 ;
    %load/vec4 v0x938c74d20_0;
    %flag_set/vec4 8;
    %jmp/0xz  T_3.18, 8;
    %pushi/vec4 0, 0, 4;
    %store/vec4 v0x938c74960_0, 0, 4;
    %jmp T_3.19;
T_3.18 ;
    %pushi/vec4 1, 0, 4;
    %store/vec4 v0x938c74960_0, 0, 4;
T_3.19 ;
    %jmp T_3.17;
T_3.1 ;
    %load/vec4 v0x938c74d20_0;
    %flag_set/vec4 8;
    %jmp/0xz  T_3.20, 8;
    %pushi/vec4 2, 0, 4;
    %store/vec4 v0x938c74960_0, 0, 4;
    %jmp T_3.21;
T_3.20 ;
    %pushi/vec4 1, 0, 4;
    %store/vec4 v0x938c74960_0, 0, 4;
T_3.21 ;
    %jmp T_3.17;
T_3.2 ;
    %load/vec4 v0x938c74d20_0;
    %flag_set/vec4 8;
    %jmp/0xz  T_3.22, 8;
    %pushi/vec4 9, 0, 4;
    %store/vec4 v0x938c74960_0, 0, 4;
    %jmp T_3.23;
T_3.22 ;
    %pushi/vec4 3, 0, 4;
    %store/vec4 v0x938c74960_0, 0, 4;
T_3.23 ;
    %jmp T_3.17;
T_3.3 ;
    %load/vec4 v0x938c74d20_0;
    %flag_set/vec4 8;
    %jmp/0xz  T_3.24, 8;
    %pushi/vec4 5, 0, 4;
    %store/vec4 v0x938c74960_0, 0, 4;
    %jmp T_3.25;
T_3.24 ;
    %pushi/vec4 4, 0, 4;
    %store/vec4 v0x938c74960_0, 0, 4;
T_3.25 ;
    %jmp T_3.17;
T_3.4 ;
    %load/vec4 v0x938c74d20_0;
    %flag_set/vec4 8;
    %jmp/0xz  T_3.26, 8;
    %pushi/vec4 5, 0, 4;
    %store/vec4 v0x938c74960_0, 0, 4;
    %jmp T_3.27;
T_3.26 ;
    %pushi/vec4 4, 0, 4;
    %store/vec4 v0x938c74960_0, 0, 4;
T_3.27 ;
    %jmp T_3.17;
T_3.5 ;
    %load/vec4 v0x938c74d20_0;
    %flag_set/vec4 8;
    %jmp/0xz  T_3.28, 8;
    %pushi/vec4 8, 0, 4;
    %store/vec4 v0x938c74960_0, 0, 4;
    %jmp T_3.29;
T_3.28 ;
    %pushi/vec4 6, 0, 4;
    %store/vec4 v0x938c74960_0, 0, 4;
T_3.29 ;
    %jmp T_3.17;
T_3.6 ;
    %load/vec4 v0x938c74d20_0;
    %flag_set/vec4 8;
    %jmp/0xz  T_3.30, 8;
    %pushi/vec4 7, 0, 4;
    %store/vec4 v0x938c74960_0, 0, 4;
    %jmp T_3.31;
T_3.30 ;
    %pushi/vec4 6, 0, 4;
    %store/vec4 v0x938c74960_0, 0, 4;
T_3.31 ;
    %jmp T_3.17;
T_3.7 ;
    %load/vec4 v0x938c74d20_0;
    %flag_set/vec4 8;
    %jmp/0xz  T_3.32, 8;
    %pushi/vec4 8, 0, 4;
    %store/vec4 v0x938c74960_0, 0, 4;
    %jmp T_3.33;
T_3.32 ;
    %pushi/vec4 4, 0, 4;
    %store/vec4 v0x938c74960_0, 0, 4;
T_3.33 ;
    %jmp T_3.17;
T_3.8 ;
    %load/vec4 v0x938c74d20_0;
    %flag_set/vec4 8;
    %jmp/0xz  T_3.34, 8;
    %pushi/vec4 2, 0, 4;
    %store/vec4 v0x938c74960_0, 0, 4;
    %jmp T_3.35;
T_3.34 ;
    %pushi/vec4 1, 0, 4;
    %store/vec4 v0x938c74960_0, 0, 4;
T_3.35 ;
    %jmp T_3.17;
T_3.9 ;
    %load/vec4 v0x938c74d20_0;
    %flag_set/vec4 8;
    %jmp/0xz  T_3.36, 8;
    %pushi/vec4 0, 0, 4;
    %store/vec4 v0x938c74960_0, 0, 4;
    %jmp T_3.37;
T_3.36 ;
    %pushi/vec4 10, 0, 4;
    %store/vec4 v0x938c74960_0, 0, 4;
T_3.37 ;
    %jmp T_3.17;
T_3.10 ;
    %load/vec4 v0x938c74d20_0;
    %flag_set/vec4 8;
    %jmp/0xz  T_3.38, 8;
    %pushi/vec4 12, 0, 4;
    %store/vec4 v0x938c74960_0, 0, 4;
    %jmp T_3.39;
T_3.38 ;
    %pushi/vec4 11, 0, 4;
    %store/vec4 v0x938c74960_0, 0, 4;
T_3.39 ;
    %jmp T_3.17;
T_3.11 ;
    %load/vec4 v0x938c74d20_0;
    %flag_set/vec4 8;
    %jmp/0xz  T_3.40, 8;
    %pushi/vec4 12, 0, 4;
    %store/vec4 v0x938c74960_0, 0, 4;
    %jmp T_3.41;
T_3.40 ;
    %pushi/vec4 11, 0, 4;
    %store/vec4 v0x938c74960_0, 0, 4;
T_3.41 ;
    %jmp T_3.17;
T_3.12 ;
    %load/vec4 v0x938c74d20_0;
    %flag_set/vec4 8;
    %jmp/0xz  T_3.42, 8;
    %pushi/vec4 15, 0, 4;
    %store/vec4 v0x938c74960_0, 0, 4;
    %jmp T_3.43;
T_3.42 ;
    %pushi/vec4 13, 0, 4;
    %store/vec4 v0x938c74960_0, 0, 4;
T_3.43 ;
    %jmp T_3.17;
T_3.13 ;
    %load/vec4 v0x938c74d20_0;
    %flag_set/vec4 8;
    %jmp/0xz  T_3.44, 8;
    %pushi/vec4 14, 0, 4;
    %store/vec4 v0x938c74960_0, 0, 4;
    %jmp T_3.45;
T_3.44 ;
    %pushi/vec4 13, 0, 4;
    %store/vec4 v0x938c74960_0, 0, 4;
T_3.45 ;
    %jmp T_3.17;
T_3.14 ;
    %load/vec4 v0x938c74d20_0;
    %flag_set/vec4 8;
    %jmp/0xz  T_3.46, 8;
    %pushi/vec4 15, 0, 4;
    %store/vec4 v0x938c74960_0, 0, 4;
    %jmp T_3.47;
T_3.46 ;
    %pushi/vec4 11, 0, 4;
    %store/vec4 v0x938c74960_0, 0, 4;
T_3.47 ;
    %jmp T_3.17;
T_3.15 ;
    %load/vec4 v0x938c74d20_0;
    %flag_set/vec4 8;
    %jmp/0xz  T_3.48, 8;
    %pushi/vec4 2, 0, 4;
    %store/vec4 v0x938c74960_0, 0, 4;
    %jmp T_3.49;
T_3.48 ;
    %pushi/vec4 1, 0, 4;
    %store/vec4 v0x938c74960_0, 0, 4;
T_3.49 ;
    %jmp T_3.17;
T_3.17 ;
    %pop/vec4 1;
    %jmp T_3;
    .thread T_3, $push;
    .scope S_0x1017cee10;
T_4 ;
    %wait E_0x938c5a3c0;
    %load/vec4 v0x938c74dc0_0;
    %nor/r;
    %flag_set/vec4 8;
    %jmp/0xz  T_4.0, 8;
    %pushi/vec4 0, 0, 4;
    %assign/vec4 v0x938c74be0_0, 0;
    %jmp T_4.1;
T_4.0 ;
    %load/vec4 v0x938c74960_0;
    %assign/vec4 v0x938c74be0_0, 0;
T_4.1 ;
    %jmp T_4;
    .thread T_4;
    .scope S_0x1017bd5a0;
T_5 ;
    %pushi/vec4 0, 0, 1;
    %store/vec4 v0x938c75860_0, 0, 1;
    %pushi/vec4 0, 0, 32;
    %store/vec4 v0x938c75540_0, 0, 32;
    %pushi/vec4 0, 0, 32;
    %store/vec4 v0x938c75400_0, 0, 32;
    %end;
    .thread T_5, $init;
    .scope S_0x1017bd5a0;
T_6 ;
    %vpi_call/w 4 127 "$dumpfile", "sim/tap_fsm.vcd" {0 0 0};
    %vpi_call/w 4 128 "$dumpvars", 32'sb00000000000000000000000000000000, S_0x1017bd5a0 {0 0 0};
    %pushi/vec4 1, 0, 1;
    %store/vec4 v0x938c75900_0, 0, 1;
    %pushi/vec4 0, 0, 1;
    %store/vec4 v0x938c75ae0_0, 0, 1;
    %delay 5000, 0;
    %load/vec4 v0x938c757c0_0;
    %cmpi/ne 0, 0, 4;
    %jmp/0xz  T_6.0, 6;
    ; show_stmt_assign_vector: Get l-value for compressed += operand
    %load/vec4 v0x938c75540_0;
    %pushi/vec4 1, 0, 32;
    %add;
    %cast2;
    %store/vec4 v0x938c75540_0, 0, 32;
    %alloc S_0x1017cdb70;
    %load/vec4 v0x938c757c0_0;
    %store/vec4 v0x938c74fa0_0, 0, 4;
    %callf/str TD_tb_jtag_tap_fsm.sname, S_0x1017cdb70;
    %free S_0x1017cdb70;
    %vpi_call/w 4 135 "$display", "  [FAIL] async TRST_n did not reach TEST_LOGIC_RESET (got %s)", S<0,str> {0 0 1};
    %jmp T_6.1;
T_6.0 ;
    %vpi_call/w 4 137 "$display", "  [ ok ] async TRST_n -> TEST_LOGIC_RESET" {0 0 0};
T_6.1 ;
    ; show_stmt_assign_vector: Get l-value for compressed += operand
    %load/vec4 v0x938c75400_0;
    %pushi/vec4 1, 0, 32;
    %add;
    %cast2;
    %store/vec4 v0x938c75400_0, 0, 32;
    %pushi/vec4 1, 0, 1;
    %store/vec4 v0x938c75ae0_0, 0, 1;
    %delay 5000, 0;
    %vpi_call/w 4 143 "$display", "\012-- transition tour (every edge of the 1149.1 diagram) --" {0 0 0};
    %alloc S_0x1017cec90;
    %fork TD_tb_jtag_tap_fsm.build_tour, S_0x1017cec90;
    %join;
    %free S_0x1017cec90;
    %fork t_1, S_0x1017bd720;
    %jmp t_0;
    .scope S_0x1017bd720;
t_1 ;
    %pushi/vec4 0, 0, 32;
    %store/vec4 v0x938c74000_0, 0, 32;
T_6.2 ; Top of for-loop
    %load/vec4 v0x938c74000_0;
    %cmpi/s 48, 0, 32;
	  %jmp/0xz T_6.3, 5;
    %alloc S_0x1017cdcf0;
    %ix/getv/s 4, v0x938c74000_0;
    %load/vec4a v0x938c75a40, 4;
    %store/vec4 v0x938c75220_0, 0, 1;
    %ix/getv/s 4, v0x938c74000_0;
    %load/vec4a v0x938c759a0, 4;
    %store/vec4 v0x938c750e0_0, 0, 4;
    %fork TD_tb_jtag_tap_fsm.step, S_0x1017cdcf0;
    %join;
    %free S_0x1017cdcf0;
T_6.4 ; for-loop step statement
    ; show_stmt_assign_vector: Get l-value for compressed += operand
    %load/vec4 v0x938c74000_0;
    %pushi/vec4 1, 0, 32;
    %add;
    %cast2;
    %store/vec4 v0x938c74000_0, 0, 32;
    %jmp T_6.2;
T_6.3 ; for-loop exit label
    %end;
    .scope S_0x1017bd5a0;
t_0 %join;
    %vpi_call/w 4 148 "$display", "\012-- edge coverage --" {0 0 0};
    %fork t_3, S_0x1017d0690;
    %jmp t_2;
    .scope S_0x1017d0690;
t_3 ;
    %pushi/vec4 0, 0, 32;
    %store/vec4 v0x938c74280_0, 0, 32;
    %fork t_5, S_0x1017ce990;
    %jmp t_4;
    .scope S_0x1017ce990;
t_5 ;
    %pushi/vec4 0, 0, 32;
    %store/vec4 v0x938c741e0_0, 0, 32;
T_6.5 ; Top of for-loop
    %load/vec4 v0x938c741e0_0;
    %cmpi/s 16, 0, 32;
	  %jmp/0xz T_6.6, 5;
    %fork t_7, S_0x1017ceb10;
    %jmp t_6;
    .scope S_0x1017ceb10;
t_7 ;
    %pushi/vec4 0, 0, 32;
    %store/vec4 v0x938c74140_0, 0, 32;
T_6.8 ; Top of for-loop
    %load/vec4 v0x938c74140_0;
    %cmpi/s 2, 0, 32;
	  %jmp/0xz T_6.9, 5;
    %load/vec4 v0x938c741e0_0;
    %pad/s 34;
    %pad/s 35;
    %muli 2, 0, 35;
    %pad/s 36;
    %load/vec4 v0x938c74140_0;
    %pad/s 36;
    %add;
    %ix/vec4/s 4;
    %load/vec4a v0x938c754a0, 4;
    %flag_set/vec4 8;
    %jmp/0xz  T_6.11, 8;
    ; show_stmt_assign_vector: Get l-value for compressed += operand
    %load/vec4 v0x938c74280_0;
    %pushi/vec4 1, 0, 32;
    %add;
    %cast2;
    %store/vec4 v0x938c74280_0, 0, 32;
    %jmp T_6.12;
T_6.11 ;
    ; show_stmt_assign_vector: Get l-value for compressed += operand
    %load/vec4 v0x938c75540_0;
    %pushi/vec4 1, 0, 32;
    %add;
    %cast2;
    %store/vec4 v0x938c75540_0, 0, 32;
    %vpi_call/w 4 156 "$display", "  [FAIL] edge never exercised: state=%0d tms=%0d", v0x938c741e0_0, v0x938c74140_0 {0 0 0};
T_6.12 ;
T_6.10 ; for-loop step statement
    ; show_stmt_assign_vector: Get l-value for compressed += operand
    %load/vec4 v0x938c74140_0;
    %pushi/vec4 1, 0, 32;
    %add;
    %cast2;
    %store/vec4 v0x938c74140_0, 0, 32;
    %jmp T_6.8;
T_6.9 ; for-loop exit label
    %end;
    .scope S_0x1017ce990;
t_6 %join;
T_6.7 ; for-loop step statement
    ; show_stmt_assign_vector: Get l-value for compressed += operand
    %load/vec4 v0x938c741e0_0;
    %pushi/vec4 1, 0, 32;
    %add;
    %cast2;
    %store/vec4 v0x938c741e0_0, 0, 32;
    %jmp T_6.5;
T_6.6 ; for-loop exit label
    %end;
    .scope S_0x1017d0690;
t_4 %join;
    %vpi_call/w 4 158 "$display", "  edges covered: %0d / 32", v0x938c74280_0 {0 0 0};
    %end;
    .scope S_0x1017bd5a0;
t_2 %join;
    %vpi_call/w 4 162 "$display", "\012-- 5x TMS-high forces reset --" {0 0 0};
    %alloc S_0x1017cdcf0;
    %pushi/vec4 1, 0, 1;
    %store/vec4 v0x938c75220_0, 0, 1;
    %pushi/vec4 0, 0, 4;
    %store/vec4 v0x938c750e0_0, 0, 4;
    %fork TD_tb_jtag_tap_fsm.step, S_0x1017cdcf0;
    %join;
    %free S_0x1017cdcf0;
    %alloc S_0x1017cdcf0;
    %pushi/vec4 0, 0, 1;
    %store/vec4 v0x938c75220_0, 0, 1;
    %pushi/vec4 1, 0, 4;
    %store/vec4 v0x938c750e0_0, 0, 4;
    %fork TD_tb_jtag_tap_fsm.step, S_0x1017cdcf0;
    %join;
    %free S_0x1017cdcf0;
    %alloc S_0x1017cdcf0;
    %pushi/vec4 1, 0, 1;
    %store/vec4 v0x938c75220_0, 0, 1;
    %pushi/vec4 2, 0, 4;
    %store/vec4 v0x938c750e0_0, 0, 4;
    %fork TD_tb_jtag_tap_fsm.step, S_0x1017cdcf0;
    %join;
    %free S_0x1017cdcf0;
    %alloc S_0x1017cdcf0;
    %pushi/vec4 0, 0, 1;
    %store/vec4 v0x938c75220_0, 0, 1;
    %pushi/vec4 3, 0, 4;
    %store/vec4 v0x938c750e0_0, 0, 4;
    %fork TD_tb_jtag_tap_fsm.step, S_0x1017cdcf0;
    %join;
    %free S_0x1017cdcf0;
    %alloc S_0x1017cdcf0;
    %pushi/vec4 0, 0, 1;
    %store/vec4 v0x938c75220_0, 0, 1;
    %pushi/vec4 4, 0, 4;
    %store/vec4 v0x938c750e0_0, 0, 4;
    %fork TD_tb_jtag_tap_fsm.step, S_0x1017cdcf0;
    %join;
    %free S_0x1017cdcf0;
    %fork t_9, S_0x1017cfa10;
    %jmp t_8;
    .scope S_0x1017cfa10;
t_9 ;
    %pushi/vec4 0, 0, 32;
    %store/vec4 v0x938c740a0_0, 0, 32;
T_6.13 ; Top of for-loop
    %load/vec4 v0x938c740a0_0;
    %cmpi/s 5, 0, 32;
	  %jmp/0xz T_6.14, 5;
    %pushi/vec4 1, 0, 1;
    %store/vec4 v0x938c75900_0, 0, 1;
    %delay 2000, 0;
    %pushi/vec4 1, 0, 1;
    %store/vec4 v0x938c75860_0, 0, 1;
    %delay 2000, 0;
    %pushi/vec4 0, 0, 1;
    %store/vec4 v0x938c75860_0, 0, 1;
    %delay 2000, 0;
T_6.15 ; for-loop step statement
    ; show_stmt_assign_vector: Get l-value for compressed += operand
    %load/vec4 v0x938c740a0_0;
    %pushi/vec4 1, 0, 32;
    %add;
    %cast2;
    %store/vec4 v0x938c740a0_0, 0, 32;
    %jmp T_6.13;
T_6.14 ; for-loop exit label
    %end;
    .scope S_0x1017bd5a0;
t_8 %join;
    ; show_stmt_assign_vector: Get l-value for compressed += operand
    %load/vec4 v0x938c75400_0;
    %pushi/vec4 1, 0, 32;
    %add;
    %cast2;
    %store/vec4 v0x938c75400_0, 0, 32;
    %load/vec4 v0x938c757c0_0;
    %cmpi/ne 0, 0, 4;
    %jmp/0xz  T_6.16, 6;
    ; show_stmt_assign_vector: Get l-value for compressed += operand
    %load/vec4 v0x938c75540_0;
    %pushi/vec4 1, 0, 32;
    %add;
    %cast2;
    %store/vec4 v0x938c75540_0, 0, 32;
    %alloc S_0x1017cdb70;
    %load/vec4 v0x938c757c0_0;
    %store/vec4 v0x938c74fa0_0, 0, 4;
    %callf/str TD_tb_jtag_tap_fsm.sname, S_0x1017cdb70;
    %free S_0x1017cdb70;
    %vpi_call/w 4 173 "$display", "  [FAIL] 5x TMS-high did not reach reset (got %s)", S<0,str> {0 0 1};
    %jmp T_6.17;
T_6.16 ;
    %vpi_call/w 4 175 "$display", "  [ ok ] 5x TMS-high -> TEST_LOGIC_RESET" {0 0 0};
T_6.17 ;
    %vpi_call/w 4 178 "$display", "\012==================================================" {0 0 0};
    %vpi_call/w 4 179 "$display", " checks run : %0d", v0x938c75400_0 {0 0 0};
    %vpi_call/w 4 180 "$display", " errors     : %0d", v0x938c75540_0 {0 0 0};
    %load/vec4 v0x938c75540_0;
    %cmpi/e 0, 0, 32;
    %jmp/0xz  T_6.18, 4;
    %vpi_call/w 4 181 "$display", " RESULT     : PASS" {0 0 0};
    %jmp T_6.19;
T_6.18 ;
    %vpi_call/w 4 182 "$display", " RESULT     : FAIL" {0 0 0};
T_6.19 ;
    %vpi_call/w 4 183 "$display", "==================================================" {0 0 0};
    %vpi_call/w 4 184 "$finish" {0 0 0};
    %end;
    .thread T_6;
# The file index is used to find the file name in the following table.
:file_names 6;
    "N/A";
    "<interactive>";
    "-";
    "rtl/jtag_pkg.sv";
    "tb/tb_jtag_tap_fsm.sv";
    "rtl/jtag_tap_fsm.sv";
